> Task :compileJava
> Task :processResources UP-TO-DATE
> Task :classes
> Task :jar
> Task :compileTestFixturesJava UP-TO-DATE
> Task :processTestFixturesResources NO-SOURCE
> Task :testFixturesClasses UP-TO-DATE
> Task :testFixturesJar UP-TO-DATE
> Task :compileTestJava
> Task :processTestResources NO-SOURCE
> Task :testClasses
> Task :test
> Task :compileIntegrationTestJava UP-TO-DATE
> Task :processIntegrationTestResources NO-SOURCE
> Task :integrationTestClasses UP-TO-DATE
{"@timestamp":"2026-09-11T09:40:53.124500340Z","log":{"level":"INFO","logger":"com.zaxxer.hikari.HikariDataSource"},"process":{"pid":787515,"thread":{"name":"SpringApplicationShutdownHook"}},"service":{"name":"card-authorization-service","node":{}},"message":"HikariPool-1 - Shutdown initiated...","ecs":{"version":"8.11"}}
{"@timestamp":"2026-09-11T09:40:53.129260907Z","log":{"level":"INFO","logger":"com.zaxxer.hikari.HikariDataSource"},"process":{"pid":787515,"thread":{"name":"SpringApplicationShutdownHook"}},"service":{"name":"card-authorization-service","node":{}},"message":"HikariPool-1 - Shutdown completed.","ecs":{"version":"8.11"}}
> Task :integrationTest

BUILD SUCCESSFUL in 16s
9 actionable tasks: 5 executed, 4 up-to-date
Consider enabling configuration cache to speed up this build: https://docs.gradle.org/9.7.1/userguide/configuration_cache_enabling.html
